[www.point-web.fr/index.html]
[backblue.gif]
[fade.gif]
[index.html]
[www.point-web.fr/img/sans-img.jpg]
[www.point-web.fr/favicon/apple-icon-57x57.png]
[www.point-web.fr/favicon/apple-icon-60x60.png]
[www.point-web.fr/favicon/apple-icon-72x72.png]
[www.point-web.fr/favicon/apple-icon-76x76.png]
[www.point-web.fr/favicon/apple-icon-114x114.png]
[www.point-web.fr/favicon/apple-icon-120x120.png]
[www.point-web.fr/favicon/apple-icon-144x144.png]
[www.point-web.fr/favicon/apple-icon-152x152.png]
[www.point-web.fr/favicon/apple-icon-180x180.png]
[www.point-web.fr/favicon/android-icon-192x192.png]
[www.point-web.fr/favicon/favicon-32x32.png]
[www.point-web.fr/favicon/favicon-96x96.png]
[www.point-web.fr/favicon/favicon-16x16.png]
[www.point-web.fr/favicon/ms-icon-144x144.png]
[www.point-web.fr/css/front/app.css]
[www.point-web.fr/css/front/color/purple3860.css]
[www.point-web.fr/css/back/editor.css]
[www.point-web.fr/notre-agence.html]
[www.point-web.fr/nos-services.html]
[www.point-web.fr/mentions-legales.html]
[www.point-web.fr/article/index.html]
[www.point-web.fr/contact/index.html]
[www.point-web.fr/protection-des-donnees.html]
[www.point-web.fr/sitemap.html]
[www.point-web.fr/article/show/12/les-tendances-du-e-commerce-pour-2021.html]
[www.point-web.fr/article/show/11/covid-19-et-e-commerce-les-chiffres-de-2020.html]
[www.point-web.fr/img/screen.png]
[www.point-web.fr/img/keyboard.png]
[www.point-web.fr/img/mouse.png]
[www.point-web.fr/nos-services/creation-site-internet-vitrine-ecommerce-lyon.html]
[www.point-web.fr/nos-services/graphisme-webdesign-conception-identite-visuelle.html]
[www.point-web.fr/nos-services/developpement-symfony-web-application.html]
[www.point-web.fr/nos-services/strategie-digitale-marketing-communication.html]
[www.point-web.fr/etudes-de-cas/etik-nounou.html]
[www.point-web.fr/etudes-de-cas/tetradis.html]
[www.point-web.fr/etudes-de-cas/acppa.html]
[www.point-web.fr/etudes-de-cas/miniatures-lyon.html]
[www.point-web.fr/etudes-de-cas/demenagement-ac-fiolet.html]
[www.point-web.fr/utilisation-des-cookies.html]
[www.point-web.fr/js/front/vendor.js]
[www.point-web.fr/js/front/app.js]
[www.point-web.fr/index.html]
[ajax.cloudflare.com/cdn-cgi/scripts/7089c43e/cloudflare-static/rocket-loader.min.js]
[www.point-web.fr/lib/fontawesome/webfonts/fa-light-300.eot]
[www.point-web.fr/lib/fontawesome/webfonts/fa-light-300.woff2]
[www.point-web.fr/lib/fontawesome/webfonts/fa-light-300d41d.eot]
[www.point-web.fr/lib/fontawesome/webfonts/fa-light-300.woff]
[www.point-web.fr/lib/fontawesome/webfonts/fa-light-300.ttf]
[www.point-web.fr/lib/fontawesome/webfonts/fa-light-300.svg]
[www.point-web.fr/lib/fontawesome/webfonts/fa-brands-400.eot]
[www.point-web.fr/lib/fontawesome/webfonts/fa-brands-400.woff2]
[www.point-web.fr/lib/fontawesome/webfonts/fa-brands-400d41d.eot]
[www.point-web.fr/lib/fontawesome/webfonts/fa-brands-400.woff]
[www.point-web.fr/lib/fontawesome/webfonts/fa-brands-400.ttf]
[www.point-web.fr/lib/fontawesome/webfonts/fa-brands-400.svg]
[www.point-web.fr/lib/gilroy/Gilroy-Regular.eot]
[www.point-web.fr/lib/gilroy/Gilroy-Regulard41d.eot]
[www.point-web.fr/lib/gilroy/Gilroy-Regular.woff2]
[www.point-web.fr/lib/gilroy/Gilroy-Regular.woff]
[www.point-web.fr/lib/gilroy/Gilroy-Regular.ttf]
[www.point-web.fr/lib/gilroy/Gilroy-ExtraboldItalic.eot]
[www.point-web.fr/lib/gilroy/Gilroy-ExtraboldItalicd41d.eot]
[www.point-web.fr/lib/gilroy/Gilroy-ExtraboldItalic.woff2]
[www.point-web.fr/lib/gilroy/Gilroy-ExtraboldItalic.woff]
[www.point-web.fr/lib/gilroy/Gilroy-ExtraboldItalic.ttf]
[www.point-web.fr/lib/gilroy/Gilroy-Bold.eot]
[www.point-web.fr/lib/gilroy/Gilroy-Boldd41d.eot]
[www.point-web.fr/lib/gilroy/Gilroy-Bold.woff2]
[www.point-web.fr/lib/gilroy/Gilroy-Bold.woff]
[www.point-web.fr/lib/gilroy/Gilroy-Bold.ttf]
[www.point-web.fr/lib/gilroy/Gilroy-Light.eot]
[www.point-web.fr/lib/gilroy/Gilroy-Lightd41d.eot]
[www.point-web.fr/lib/gilroy/Gilroy-Light.woff2]
[www.point-web.fr/lib/gilroy/Gilroy-Light.woff]
[www.point-web.fr/lib/gilroy/Gilroy-Light.ttf]
[www.point-web.fr/lib/gilroy/Gilroy-UltraLight.eot]
[www.point-web.fr/lib/gilroy/Gilroy-UltraLightd41d.eot]
[www.point-web.fr/lib/gilroy/Gilroy-UltraLight.woff2]
[www.point-web.fr/lib/gilroy/Gilroy-UltraLight.woff]
[www.point-web.fr/lib/gilroy/Gilroy-UltraLight.ttf]
[www.point-web.fr/lib/gilroy/Gilroy-RegularItalic.eot]
[www.point-web.fr/lib/gilroy/Gilroy-RegularItalicd41d.eot]
[www.point-web.fr/lib/gilroy/Gilroy-RegularItalic.woff2]
[www.point-web.fr/lib/gilroy/Gilroy-RegularItalic.woff]
[www.point-web.fr/lib/gilroy/Gilroy-RegularItalic.ttf]
[www.point-web.fr/lib/gilroy/Gilroy-Extrabold.eot]
[www.point-web.fr/lib/gilroy/Gilroy-Extraboldd41d.eot]
[www.point-web.fr/lib/gilroy/Gilroy-Extrabold.woff2]
[www.point-web.fr/lib/gilroy/Gilroy-Extrabold.woff]
[www.point-web.fr/lib/gilroy/Gilroy-Extrabold.ttf]
[www.point-web.fr/lib/gilroy/Gilroy-BoldItalic.eot]
[www.point-web.fr/lib/gilroy/Gilroy-BoldItalicd41d.eot]
[www.point-web.fr/lib/gilroy/Gilroy-BoldItalic.woff2]
[www.point-web.fr/lib/gilroy/Gilroy-BoldItalic.woff]
[www.point-web.fr/lib/gilroy/Gilroy-BoldItalic.ttf]
[www.point-web.fr/lib/gilroy/Gilroy-UltraLightItalic.eot]
[www.point-web.fr/lib/gilroy/Gilroy-UltraLightItalicd41d.eot]
[www.point-web.fr/lib/gilroy/Gilroy-UltraLightItalic.woff2]
[www.point-web.fr/lib/gilroy/Gilroy-UltraLightItalic.woff]
[www.point-web.fr/lib/gilroy/Gilroy-UltraLightItalic.ttf]
[www.point-web.fr/lib/gilroy/Gilroy-LightItalic.eot]
[www.point-web.fr/lib/gilroy/Gilroy-LightItalicd41d.eot]
[www.point-web.fr/lib/gilroy/Gilroy-LightItalic.woff2]
[www.point-web.fr/lib/gilroy/Gilroy-LightItalic.woff]
[www.point-web.fr/lib/gilroy/Gilroy-LightItalic.ttf]
[www.point-web.fr/lib/icomoon/icomoon0810.eot]
[www.point-web.fr/lib/icomoon/icomoon0810.ttf]
[www.point-web.fr/lib/icomoon/icomoon0810.woff]
[www.point-web.fr/lib/icomoon/icomoon0810.svg]
[www.point-web.fr/img/etude/etik-nounou/cover_serco-point-web_etude-de-cas_etik-nounou.jpg]
[www.point-web.fr/img/etude/tetradis/cover_serco-point-web_etude-de-cas_tetradis.jpg]
[www.point-web.fr/img/etude/acppa/cover_serco-point-web_etude-de-cas_acppa.jpg]
[www.point-web.fr/img/etude/miniatures-lyon/cover_serco-point-web_etude-de-cas_miniatures-lyon.jpg]
[www.point-web.fr/css/front/app.css]
[www.point-web.fr/img/etude/demenagement-ac-fiolet/cover_serco-point-web_etude-de-cas_demenagement-ac-fiolet.jpg]
[www.point-web.fr/css/front/color/purple3860.css]
[www.point-web.fr/css/back/editor.css]
[www.point-web.fr/img/equipe/alexandre-serco-point-web.png]
[www.point-web.fr/img/equipe/joseph-serco-point-web.png]
[www.point-web.fr/img/equipe/rayane-serco-point-web.png]
[www.point-web.fr/img/equipe/david-serco-point-web.png]
[www.point-web.fr/img/equipe/nicolas-serco-point-web.png]
[www.point-web.fr/img/equipe/noemie-serco-point-web.png]
[www.point-web.fr/img/equipe/marie-elise-serco-point-web.png]
[www.point-web.fr/img/equipe/minu-serco-point-web.png]
[www.point-web.fr/img/equipe/mylene-serco-point-web.png]
[www.point-web.fr/img/equipe/valentin-serco-point-web.png]
[www.point-web.fr/notre-agence.html]
[www.point-web.fr/nos-services.html]
[www.point-web.fr/article/category/2/nouvelles-technologies-web.html]
[www.point-web.fr/article/category/1/communication-digitale.html]
[www.point-web.fr/article/category/3/graphisme-art-digital.html]
[www.point-web.fr/article/tag/1/webdesign.html]
[www.point-web.fr/article/tag/2/application.html]
[www.point-web.fr/article/tag/3/ux-ui-design.html]
[www.point-web.fr/article/tag/4/pwa.html]
[www.point-web.fr/article/tag/5/developpement-web.html]
[www.point-web.fr/article/tag/6/graphisme.html]
[www.point-web.fr/article/tag/7/marketing.html]
[www.point-web.fr/article/tag/8/art.html]
[www.point-web.fr/article/tag/9/reseaux-sociaux.html]
[www.point-web.fr/article/tag/10/langage-web.html]
[www.point-web.fr/article/tag/11/site-e-commerce.html]
[www.point-web.fr/article/tag/12/marketplace.html]
[www.point-web.fr/article/tag/13/inspiration.html]
[www.point-web.fr/article/tag/14/tendance.html]
[www.point-web.fr/article/tag/15/facebook.html]
[www.point-web.fr/article/tag/16/twitter.html]
[www.point-web.fr/article/tag/17/instagram.html]
[www.point-web.fr/article/tag/18/linkedin.html]
[www.point-web.fr/article/tag/19/photographie.html]
[www.point-web.fr/article/tag/20/seo.html]
[www.point-web.fr/article/tag/21/referencement.html]
[www.point-web.fr/article/tag/22/google.html]
[www.point-web.fr/generate/750x545/tendances-ecommerce-2021_sercopointweb-lyon.jpg]
[www.point-web.fr/generate/750x545/chiffres-ecommerce-2020_sercopointweb-lyon.jpg]
[www.point-web.fr/generate/750x545/google_search_console_agenceweb-lyon_sercopointweb.jpg]
[www.point-web.fr/article/show/10/boostez-les-performances-de-votre-site-web.html]
[www.point-web.fr/generate/750x545/tendances-digitales-2021_sercopointweb-lyon.jpg]
[www.point-web.fr/article/show/9/les-grandes-tendances-digitales-pour-2021.html]
[www.point-web.fr/generate/750x545/LExperience_utilisateur_bientot_prise_en_compte_par_Google_comme_critere_de_referencement.jpg]
[www.point-web.fr/article/show/8/lexperience-utilisateur-bientot-prise-en-compte-par-google-comme-critere-de-referencement.html]
[www.point-web.fr/generate/750x545/Les_balises_a_connaitre_quand_on_fait_du_referencement-lyon.jpg]
[www.point-web.fr/article/show/7/les-balises-a-connaitre-quand-on-fait-du-referencement.html]
[www.point-web.fr/generate/750x545/Comment_creer_un_blog_efficace_lyon.jpg]
[www.point-web.fr/article/show/6/comment-creer-un-blog-efficace-pour-ameliorer-le-referencement-de-mon-site.html]
[www.point-web.fr/generate/750x545/Un_profil_LinkedIn_efficace_en_7_etapes.jpg]
[www.point-web.fr/article/show/5/un-profil-linkedin-efficace-en-7-etapes.html]
[www.point-web.fr/generate/750x545/Comment_bien_referencer_mon_site_interne_serco-point-web-lyon.jpg]
[www.point-web.fr/article/show/4/comment-bien-referencer-mon-site-internet.html]
[www.point-web.fr/generate/750x545/pourquoi-creer-un-site-ecommerce-serco-point-web-lyon.jpg]
[www.point-web.fr/article/show/3/pourquoi-la-creation-dun-site-e-commerce-est-devenue-indispensable.html]
[www.point-web.fr/generate/750x545/Comment_ameliorer_lexperience_utilisateur-serco-point-web-lyon.jpg]
[www.point-web.fr/article/show/2/comment-ameliorer-lexperience-utilisateur-sur-mon-site.html]
[www.point-web.fr/generate/750x545/Comment_generer_du_trafic_sur_mon_site_serco-point-web-lyon.jpg]
[www.point-web.fr/article/index.html]
[www.point-web.fr/article/show/1/comment-generer-du-trafic-sur-mon-site.html]
[www.google.com/recaptcha/apifb43.js]
[www.point-web.fr/contact/index.html]
[www.point-web.fr/mentions-legales.html]
[www.point-web.fr/protection-des-donnees.html]
[www.point-web.fr/article/category/1/communication-digitale/tag/1/webdesign.html]
[www.point-web.fr/article/category/1/communication-digitale/tag/2/application.html]
[www.point-web.fr/article/category/1/communication-digitale/tag/3/ux-ui-design.html]
[www.point-web.fr/article/category/1/communication-digitale/tag/4/pwa.html]
[www.point-web.fr/article/category/1/communication-digitale/tag/5/developpement-web.html]
[www.point-web.fr/article/category/1/communication-digitale/tag/6/graphisme.html]
[www.point-web.fr/article/category/1/communication-digitale/tag/7/marketing.html]
[www.point-web.fr/article/category/1/communication-digitale/tag/8/art.html]
[www.point-web.fr/article/category/1/communication-digitale/tag/9/reseaux-sociaux.html]
[www.point-web.fr/article/category/1/communication-digitale/tag/10/langage-web.html]
[www.point-web.fr/article/category/1/communication-digitale/tag/11/site-e-commerce.html]
[www.point-web.fr/article/category/1/communication-digitale/tag/12/marketplace.html]
[www.point-web.fr/article/category/1/communication-digitale/tag/13/inspiration.html]
[www.point-web.fr/article/category/1/communication-digitale/tag/14/tendance.html]
[www.point-web.fr/article/category/1/communication-digitale/tag/15/facebook.html]
[www.point-web.fr/article/category/1/communication-digitale/tag/16/twitter.html]
[www.point-web.fr/article/category/1/communication-digitale/tag/17/instagram.html]
[www.point-web.fr/article/category/1/communication-digitale/tag/18/linkedin.html]
[www.point-web.fr/article/category/1/communication-digitale/tag/19/photographie.html]
[www.point-web.fr/article/category/1/communication-digitale/tag/20/seo.html]
[www.point-web.fr/article/category/1/communication-digitale/tag/21/referencement.html]
[www.point-web.fr/article/category/1/communication-digitale/tag/22/google.html]
[www.point-web.fr/article/category/2/nouvelles-technologies-web/tag/1/webdesign.html]
[www.point-web.fr/article/category/2/nouvelles-technologies-web/tag/2/application.html]
[www.point-web.fr/article/category/2/nouvelles-technologies-web/tag/3/ux-ui-design.html]
[www.point-web.fr/article/category/2/nouvelles-technologies-web/tag/4/pwa.html]
[www.point-web.fr/article/category/2/nouvelles-technologies-web/tag/5/developpement-web.html]
[www.point-web.fr/article/category/2/nouvelles-technologies-web/tag/6/graphisme.html]
[www.point-web.fr/article/category/2/nouvelles-technologies-web/tag/7/marketing.html]
[www.point-web.fr/article/category/2/nouvelles-technologies-web/tag/8/art.html]
[www.point-web.fr/article/category/2/nouvelles-technologies-web/tag/9/reseaux-sociaux.html]
[www.point-web.fr/article/category/2/nouvelles-technologies-web/tag/10/langage-web.html]
[www.point-web.fr/article/category/2/nouvelles-technologies-web/tag/11/site-e-commerce.html]
[www.point-web.fr/article/category/2/nouvelles-technologies-web/tag/12/marketplace.html]
[www.point-web.fr/article/category/2/nouvelles-technologies-web/tag/13/inspiration.html]
[www.point-web.fr/article/category/2/nouvelles-technologies-web/tag/14/tendance.html]
[www.point-web.fr/article/category/2/nouvelles-technologies-web/tag/15/facebook.html]
[www.point-web.fr/article/category/2/nouvelles-technologies-web/tag/16/twitter.html]
[www.point-web.fr/article/category/2/nouvelles-technologies-web/tag/17/instagram.html]
[www.point-web.fr/article/category/2/nouvelles-technologies-web/tag/18/linkedin.html]
[www.point-web.fr/article/category/2/nouvelles-technologies-web/tag/19/photographie.html]
[www.point-web.fr/article/category/2/nouvelles-technologies-web/tag/20/seo.html]
[www.point-web.fr/article/category/2/nouvelles-technologies-web/tag/21/referencement.html]
[www.point-web.fr/article/category/2/nouvelles-technologies-web/tag/22/google.html]
[www.point-web.fr/article/category/3/graphisme-art-digital/tag/1/webdesign.html]
[www.point-web.fr/article/category/3/graphisme-art-digital/tag/2/application.html]
[www.point-web.fr/article/category/3/graphisme-art-digital/tag/3/ux-ui-design.html]
[www.point-web.fr/article/category/3/graphisme-art-digital/tag/4/pwa.html]
[www.point-web.fr/article/category/3/graphisme-art-digital/tag/5/developpement-web.html]
[www.point-web.fr/article/category/3/graphisme-art-digital/tag/6/graphisme.html]
[www.point-web.fr/article/category/3/graphisme-art-digital/tag/7/marketing.html]
[www.point-web.fr/article/category/3/graphisme-art-digital/tag/8/art.html]
[www.point-web.fr/article/category/3/graphisme-art-digital/tag/9/reseaux-sociaux.html]
[www.point-web.fr/article/category/3/graphisme-art-digital/tag/10/langage-web.html]
[www.point-web.fr/article/category/3/graphisme-art-digital/tag/11/site-e-commerce.html]
[www.point-web.fr/article/category/3/graphisme-art-digital/tag/12/marketplace.html]
[www.point-web.fr/article/category/3/graphisme-art-digital/tag/13/inspiration.html]
[www.point-web.fr/article/category/3/graphisme-art-digital/tag/14/tendance.html]
[www.point-web.fr/article/category/3/graphisme-art-digital/tag/15/facebook.html]
[www.point-web.fr/article/category/3/graphisme-art-digital/tag/16/twitter.html]
[www.point-web.fr/article/category/3/graphisme-art-digital/tag/17/instagram.html]
[www.point-web.fr/article/category/3/graphisme-art-digital/tag/18/linkedin.html]
[www.point-web.fr/article/category/3/graphisme-art-digital/tag/19/photographie.html]
[www.point-web.fr/article/category/3/graphisme-art-digital/tag/20/seo.html]
[www.point-web.fr/article/category/3/graphisme-art-digital/tag/21/referencement.html]
[www.point-web.fr/sitemap.html]
[www.point-web.fr/article/category/3/graphisme-art-digital/tag/22/google.html]
[www.point-web.fr/uploads/tendances-ecommerce-2021_sercopointweb-lyon.jpg]
[www.point-web.fr/generate/100x100/chiffres-ecommerce-2020_sercopointweb-lyon.jpg]
[www.point-web.fr/generate/100x100/google_search_console_agenceweb-lyon_sercopointweb.jpg]
[www.point-web.fr/generate/100x100/tendances-digitales-2021_sercopointweb-lyon.jpg]
[www.point-web.fr/article/index2557.html]
[www.point-web.fr/generate/100x100/LExperience_utilisateur_bientot_prise_en_compte_par_Google_comme_critere_de_referencement.jpg]
[www.point-web.fr/generate/100x100/Les_balises_a_connaitre_quand_on_fait_du_referencement-lyon.jpg]
[www.point-web.fr/article/show/12/les-tendances-du-e-commerce-pour-2021.html]
[www.point-web.fr/uploads/chiffres-ecommerce-2020_sercopointweb-lyon.jpg]
[www.point-web.fr/generate/100x100/tendances-ecommerce-2021_sercopointweb-lyon.jpg]
[www.point-web.fr/article/show/11/covid-19-et-e-commerce-les-chiffres-de-2020.html]
[www.point-web.fr/uploads/Screenshot_2020-12-14_Peinture_et_vous_Peintre_et_rénovation_de_peinture_Isère.jpg]
[www.point-web.fr/uploads/baie-des-pirates-1.jpg]
[www.point-web.fr/uploads/Screenshot_2020-12-14_Architéa_Spécialiste_en_aménagement_et_rénovation.jpg]
[www.point-web.fr/uploads/Screenshot_2020-12-14_Prestijimmo_-_Agence_immobilière_à_Villeurbanne.jpg]
[www.point-web.fr/uploads/Screenshot_2020-12-14_Etik_Nounou_La_garde_d_enfants_socialement_responsable_1_.jpg]
[www.point-web.fr/uploads/Screenshot_2020-12-14_Publik_People,_Produce,_Positive.jpg]
[www.point-web.fr/uploads/Screenshot_2020-12-14_Peinture_et_vous_Peintre_et_rénovation_de_peinture_Isère.png]
[www.point-web.fr/uploads/Screenshot_2020-12-14_Peinture_et_vous_Peintre_et_rénovation_de_peinture_Isère_1_.jpg]
[www.point-web.fr/uploads/baie-des-pirates-2.jpg]
[www.point-web.fr/uploads/Screenshot_2020-12-14_Architéa_Spécialiste_en_aménagement_et_rénovation_1_.jpg]
[www.point-web.fr/uploads/prestijimmo-sercopointweb.jpg]
[www.point-web.fr/uploads/etik-nounou-2-sercopointweb.png]
[www.point-web.fr/uploads/etik-nounou-menu-sercopointweb.png]
[www.point-web.fr/uploads/etik-nounou-sercopointweb.jpg]
[www.point-web.fr/uploads/Screenshot_2020-12-14_Publik_People,_Produce,_Positive_2_.jpg]
[www.point-web.fr/uploads/Screenshot_2020-12-14_Publik_People,_Produce,_Positive_1_.jpg]
[www.point-web.fr/uploads/Screenshot_2020-12-14_Publik_People,_Produce,_Positive_3_.jpg]
[www.point-web.fr/nos-services/creation-site-internet-vitrine-ecommerce-lyon.html]
[www.point-web.fr/nos-services/graphisme-webdesign-conception-identite-visuelle.html]
[www.point-web.fr/nos-services/developpement-symfony-web-application.html]
[www.point-web.fr/nos-services/strategie-digitale-marketing-communication.html]
[www.point-web.fr/img/etude/etik-nounou/mck-1_serco-point-web_etude-de-cas_etik-nounou.png]
[www.point-web.fr/img/etude/etik-nounou/mck-1-2_serco-point-web_etude-de-cas_etik-nounou.png]
[www.point-web.fr/img/etude/etik-nounou/mck-1-3_serco-point-web_etude-de-cas_etik-nounou.png]
[www.point-web.fr/img/etude/etik-nounou/mck-2_serco-point-web_etude-de-cas_etik-nounou.png]
[www.point-web.fr/img/etude/etik-nounou/mck-2-2_serco-point-web_etude-de-cas_etik-nounou.png]
[www.point-web.fr/img/etude/etik-nounou/logotype_etik-nounou_1.svg]
[www.point-web.fr/img/etude/etik-nounou/logotype_etik-nounou_2.svg]
[www.point-web.fr/img/etude/etik-nounou/logotype_etik-nounou_3.svg]
[www.point-web.fr/img/etude/etik-nounou/mck-3_serco-point-web_etude-de-cas_etik-nounou.png]
[www.point-web.fr/img/etude/etik-nounou/mck-3-2_serco-point-web_etude-de-cas_etik-nounou.png]
[www.point-web.fr/img/etude/etik-nounou/mck-3-3_serco-point-web_etude-de-cas_etik-nounou.png]
[www.point-web.fr/img/etude/etik-nounou/mck-3-4_serco-point-web_etude-de-cas_etik-nounou.png]
[www.point-web.fr/img/etude/etik-nounou/agence-lyon-6-etik-nounou.jpg]
[www.point-web.fr/img/etude/etik-nounou/agence-lyon-8-etik-nounou.jpg]
[www.point-web.fr/img/etude/etik-nounou/agence-lyon-9-etik-nounou.jpg]
[www.point-web.fr/etudes-de-cas/etik-nounou.html]
[www.point-web.fr/img/etude/tetradis/mck-1_serco-point-web_etude-de-cas_tetradis.png]
[www.point-web.fr/img/etude/tetradis/mck-1-2_serco-point-web_etude-de-cas_tetradis.png]
[www.point-web.fr/img/etude/tetradis/mck-1-3_serco-point-web_etude-de-cas_tetradis.png]
[www.point-web.fr/img/etude/tetradis/mck-2_serco-point-web_etude-de-cas_tetradis.png]
[www.point-web.fr/img/etude/tetradis/mck-2-2_serco-point-web_etude-de-cas_tetradis.png]
[www.point-web.fr/img/etude/tetradis/mck-3_serco-point-web_etude-de-cas_tetradis.png]
[www.point-web.fr/img/etude/tetradis/mck-3-2_serco-point-web_etude-de-cas_tetradis.png]
[www.point-web.fr/img/etude/tetradis/mck-3-3_serco-point-web_etude-de-cas_tetradis.png]
[www.point-web.fr/img/etude/tetradis/mck-3-4_serco-point-web_etude-de-cas_tetradis.png]
[www.point-web.fr/img/etude/tetradis/mck-4_serco-point-web_etude-de-cas_tetradis.png]
[www.point-web.fr/img/etude/tetradis/mck-4-2_serco-point-web_etude-de-cas_tetradis.png]
[www.point-web.fr/img/etude/tetradis/mck-4-3_serco-point-web_etude-de-cas_tetradis.png]
[www.point-web.fr/img/etude/tetradis/mck-4-4_serco-point-web_etude-de-cas_tetradis.png]
[www.point-web.fr/etudes-de-cas/tetradis.html]
[www.point-web.fr/img/etude/acppa/mck-1_serco-point-web_etude-de-cas_acppa.png]
[www.point-web.fr/img/etude/acppa/mck-1-2_serco-point-web_etude-de-cas_acppa.png]
[www.point-web.fr/img/etude/acppa/mck-1-3_serco-point-web_etude-de-cas_acppa.png]
[www.point-web.fr/img/etude/acppa/mck-2_serco-point-web_etude-de-cas_acppa.png]
[www.point-web.fr/img/etude/acppa/mck-2-2_serco-point-web_etude-de-cas_acppa.png]
[www.point-web.fr/img/etude/acppa/mck-3_serco-point-web_etude-de-cas_acppa.png]
[www.point-web.fr/img/etude/acppa/mck-3-2_serco-point-web_etude-de-cas_acppa.png]
[www.point-web.fr/img/etude/acppa/mck-3-3_serco-point-web_etude-de-cas_acppa.png]
[www.point-web.fr/img/etude/acppa/mck-3-4_serco-point-web_etude-de-cas_acppa.png]
[www.point-web.fr/img/etude/acppa/mck-4_serco-point-web_etude-de-cas_acppa.png]
[www.point-web.fr/img/etude/acppa/mck-4-2_serco-point-web_etude-de-cas_acppa.png]
[www.point-web.fr/img/etude/acppa/mck-4-3_serco-point-web_etude-de-cas_acppa.png]
[www.point-web.fr/img/etude/acppa/mck-4-4_serco-point-web_etude-de-cas_acppa.png]
[www.point-web.fr/etudes-de-cas/acppa.html]
[www.point-web.fr/img/etude/miniatures-lyon/mck-1_serco-point-web_etude-de-cas_miniatures-lyon.png]
[www.point-web.fr/img/etude/miniatures-lyon/mck-1-2_serco-point-web_etude-de-cas_miniatures-lyon.png]
[www.point-web.fr/img/etude/miniatures-lyon/mck-1-3_serco-point-web_etude-de-cas_miniatures-lyon.png]
[www.point-web.fr/img/etude/miniatures-lyon/mck-2_serco-point-web_etude-de-cas_miniatures-lyon.png]
[www.point-web.fr/img/etude/miniatures-lyon/mck-2-2_serco-point-web_etude-de-cas_miniatures-lyon.png]
[www.point-web.fr/img/etude/miniatures-lyon/logotype_miniatures-lyon_1.svg]
[www.point-web.fr/img/etude/miniatures-lyon/logotype_miniatures-lyon_2.svg]
[www.point-web.fr/img/etude/miniatures-lyon/mck-3_serco-point-web_etude-de-cas_miniatures-lyon.png]
[www.point-web.fr/img/etude/miniatures-lyon/mck-3-2_serco-point-web_etude-de-cas_miniatures-lyon.png]
[www.point-web.fr/img/etude/miniatures-lyon/mck-3-3_serco-point-web_etude-de-cas_miniatures-lyon.png]
[www.point-web.fr/img/etude/miniatures-lyon/mck-3-4_serco-point-web_etude-de-cas_miniatures-lyon.png]
[www.point-web.fr/img/etude/miniatures-lyon/mck-4_serco-point-web_etude-de-cas_miniatures-lyon.png]
[www.point-web.fr/img/etude/miniatures-lyon/mck-4-2_serco-point-web_etude-de-cas_miniatures-lyon.png]
[www.point-web.fr/img/etude/miniatures-lyon/mck-4-3_serco-point-web_etude-de-cas_miniatures-lyon.png]
[www.point-web.fr/etudes-de-cas/miniatures-lyon.html]
[www.point-web.fr/img/etude/demenagement-ac-fiolet/mck-1_serco-point-web_etude-de-cas_demenagement-ac-fiolet.png]
[www.point-web.fr/img/etude/demenagement-ac-fiolet/mck-1-2_serco-point-web_etude-de-cas_demenagement-ac-fiolet.png]
[www.point-web.fr/img/etude/demenagement-ac-fiolet/mck-1-3_serco-point-web_etude-de-cas_demenagement-ac-fiolet.png]
[www.point-web.fr/img/etude/demenagement-ac-fiolet/mck-2_serco-point-web_etude-de-cas_demenagement-ac-fiolet.png]
[www.point-web.fr/img/etude/demenagement-ac-fiolet/mck-2-2_serco-point-web_etude-de-cas_demenagement-ac-fiolet.png]
[www.point-web.fr/img/etude/demenagement-ac-fiolet/logotype_infini-conseils_1.svg]
[www.point-web.fr/img/etude/demenagement-ac-fiolet/logotype_infini-conseils_2.svg]
[www.point-web.fr/img/etude/demenagement-ac-fiolet/logotype_infini-conseils_3.svg]
[www.point-web.fr/img/etude/demenagement-ac-fiolet/mck-3_serco-point-web_etude-de-cas_demenagement-ac-fiolet.png]
[www.point-web.fr/img/etude/demenagement-ac-fiolet/mck-3-2_serco-point-web_etude-de-cas_demenagement-ac-fiolet.png]
[www.point-web.fr/img/etude/demenagement-ac-fiolet/mck-3-3_serco-point-web_etude-de-cas_demenagement-ac-fiolet.png]
[www.point-web.fr/img/etude/demenagement-ac-fiolet/mck-3-4_serco-point-web_etude-de-cas_demenagement-ac-fiolet.png]
[www.point-web.fr/img/etude/demenagement-ac-fiolet/mck-4_serco-point-web_etude-de-cas_demenagement-ac-fiolet.png]
[www.point-web.fr/img/etude/demenagement-ac-fiolet/mck-4-2_serco-point-web_etude-de-cas_demenagement-ac-fiolet.png]
[www.point-web.fr/img/etude/demenagement-ac-fiolet/mck-4-3_serco-point-web_etude-de-cas_demenagement-ac-fiolet.png]
[www.point-web.fr/img/etude/demenagement-ac-fiolet/mck-4-4_serco-point-web_etude-de-cas_demenagement-ac-fiolet.png]
[www.point-web.fr/img/etude/demenagement-ac-fiolet/infini-conseils-plaquette_1.jpg]
[www.point-web.fr/img/etude/demenagement-ac-fiolet/infini-conseils-plaquette_2.jpg]
[www.point-web.fr/etudes-de-cas/demenagement-ac-fiolet.html]
[www.point-web.fr/utilisation-des-cookies.html]
[www.point-web.fr/lib/fontawesome/webfonts/fa-light-300.svg]
[www.point-web.fr/lib/fontawesome/webfonts/fa-brands-400.svg]
[www.point-web.fr/lib/icomoon/icomoon0810.svg]
[www.point-web.fr/uploads/serco-point-web_actualite_nouvelles-technologies-web.jpg]
[www.point-web.fr/article/category/2/nouvelles-technologies-web.html]
[www.point-web.fr/uploads/serco-point-web_actualite_communication-digitale.jpg]
[www.point-web.fr/article/category/1/communication-digitale.html]
[www.point-web.fr/uploads/serco-point-web_actualite_graphisme-et-art-digital.jpg]
[www.point-web.fr/article/category/3/graphisme-art-digital.html]
[www.point-web.fr/article/tag/1/webdesign.html]
[www.point-web.fr/article/tag/2/application.html]
[www.point-web.fr/article/tag/3/ux-ui-design.html]
[www.point-web.fr/article/tag/4/pwa.html]
[www.point-web.fr/article/tag/5/developpement-web.html]
[www.point-web.fr/article/tag/6/graphisme.html]
[www.point-web.fr/article/tag/7/marketing.html]
[www.point-web.fr/article/tag/8/art.html]
[www.point-web.fr/article/tag/9/reseaux-sociaux.html]
[www.point-web.fr/article/tag/10/langage-web.html]
[www.point-web.fr/article/tag/11/site-e-commerce.html]
[www.point-web.fr/article/tag/12/marketplace.html]
[www.point-web.fr/article/tag/13/inspiration.html]
[www.point-web.fr/article/tag/14/tendance.html]
[www.point-web.fr/article/tag/15/facebook.html]
[www.point-web.fr/article/tag/16/twitter.html]
[www.point-web.fr/article/tag/17/instagram.html]
[www.point-web.fr/article/tag/18/linkedin.html]
[www.point-web.fr/article/tag/19/photographie.html]
[www.point-web.fr/article/tag/20/seo.html]
[www.point-web.fr/article/tag/21/referencement.html]
[www.point-web.fr/article/tag/22/google.html]
[www.point-web.fr/uploads/google_search_console_agenceweb-lyon_sercopointweb.jpg]
[www.point-web.fr/article/show/10/boostez-les-performances-de-votre-site-web.html]
[www.point-web.fr/uploads/tendances-digitales-2021_sercopointweb-lyon.jpg]
[www.point-web.fr/uploads/tendances-digitales-2021_reseaux-sociaux_sercopointweb-lyon.jpg]
[www.point-web.fr/uploads/1608720881-tendances-digitales-2021_ecommerce_sercopointweb-lyon.jpg]
[www.point-web.fr/uploads/tendances-digitales-2021_habitude-recherche_sercopointweb-lyon.jpg]
[www.point-web.fr/article/show/9/les-grandes-tendances-digitales-pour-2021.html]
[www.point-web.fr/uploads/LExperience_utilisateur_bientot_prise_en_compte_par_Google_comme_critere_de_referencement.jpg]
[www.point-web.fr/article/show/8/lexperience-utilisateur-bientot-prise-en-compte-par-google-comme-critere-de-referencement.html]
[www.point-web.fr/uploads/Les_balises_a_connaitre_quand_on_fait_du_referencement-lyon.jpg]
[www.point-web.fr/uploads/Les_balises_a_connaitre_quand_on_fait_du_referencement-lyon-2.jpg]
[www.point-web.fr/article/indexd80c.html]
[www.point-web.fr/article/show/7/les-balises-a-connaitre-quand-on-fait-du-referencement.html]
[www.point-web.fr/uploads/Comment_creer_un_blog_efficace_lyon.jpg]
[www.point-web.fr/uploads/Comment_creer_un_blog_efficace_lyon-2.jpg]
[www.point-web.fr/article/show/6/comment-creer-un-blog-efficace-pour-ameliorer-le-referencement-de-mon-site.html]
[www.point-web.fr/uploads/Un_profil_LinkedIn_efficace_en_7_etapes.jpg]
[www.point-web.fr/article/show/5/un-profil-linkedin-efficace-en-7-etapes.html]
[www.point-web.fr/uploads/Comment_bien_referencer_mon_site_interne_serco-point-web-lyon.jpg]
[www.point-web.fr/article/show/4/comment-bien-referencer-mon-site-internet.html]
[www.point-web.fr/uploads/pourquoi-creer-un-site-ecommerce-serco-point-web-lyon.jpg]
[www.point-web.fr/article/show/3/pourquoi-la-creation-dun-site-e-commerce-est-devenue-indispensable.html]
[www.point-web.fr/uploads/Comment_ameliorer_lexperience_utilisateur-serco-point-web-lyon.jpg]
[www.point-web.fr/uploads/Comment_ameliorer_lexperience_utilisateur-serco-point-web-lyon_2.jpg]
[www.point-web.fr/article/show/2/comment-ameliorer-lexperience-utilisateur-sur-mon-site.html]
[www.point-web.fr/uploads/Comment_generer_du_trafic_sur_mon_site_serco-point-web-lyon.jpg]
[www.point-web.fr/article/show/1/comment-generer-du-trafic-sur-mon-site.html]
[www.point-web.fr/article/category/1/communication-digitale/tag/1/webdesign.html]
[www.point-web.fr/article/category/1/communication-digitale/tag/2/application.html]
[www.point-web.fr/article/category/1/communication-digitale/tag/3/ux-ui-design.html]
[www.point-web.fr/article/category/1/communication-digitale/tag/4/pwa.html]
[www.point-web.fr/article/category/1/communication-digitale/tag/5/developpement-web.html]
[www.point-web.fr/article/category/1/communication-digitale/tag/6/graphisme.html]
[www.point-web.fr/article/category/1/communication-digitale/tag/7/marketing.html]
[www.point-web.fr/article/category/1/communication-digitale/tag/8/art.html]
[www.point-web.fr/article/category/1/communication-digitale/tag/9/reseaux-sociaux.html]
[www.point-web.fr/article/category/1/communication-digitale/tag/10/langage-web.html]
[www.point-web.fr/article/category/1/communication-digitale/tag/11/site-e-commerce.html]
[www.point-web.fr/article/category/1/communication-digitale/tag/12/marketplace.html]
[www.point-web.fr/article/category/1/communication-digitale/tag/13/inspiration.html]
[www.point-web.fr/article/category/1/communication-digitale/tag/14/tendance.html]
[www.point-web.fr/article/category/1/communication-digitale/tag/15/facebook.html]
[www.point-web.fr/article/category/1/communication-digitale/tag/16/twitter.html]
[www.point-web.fr/article/category/1/communication-digitale/tag/17/instagram.html]
[www.point-web.fr/article/category/1/communication-digitale/tag/18/linkedin.html]
[www.point-web.fr/article/category/1/communication-digitale/tag/19/photographie.html]
[www.point-web.fr/article/category/1/communication-digitale/tag/20/seo.html]
[www.point-web.fr/article/category/1/communication-digitale/tag/21/referencement.html]
[www.point-web.fr/article/category/1/communication-digitale/tag/22/google.html]
[www.point-web.fr/article/category/2/nouvelles-technologies-web/tag/1/webdesign.html]
[www.point-web.fr/article/category/2/nouvelles-technologies-web/tag/2/application.html]
[www.point-web.fr/article/category/2/nouvelles-technologies-web/tag/3/ux-ui-design.html]
[www.point-web.fr/article/category/2/nouvelles-technologies-web/tag/4/pwa.html]
[www.point-web.fr/article/category/2/nouvelles-technologies-web/tag/5/developpement-web.html]
[www.point-web.fr/article/category/2/nouvelles-technologies-web/tag/6/graphisme.html]
[www.point-web.fr/article/category/2/nouvelles-technologies-web/tag/7/marketing.html]
[www.point-web.fr/article/category/2/nouvelles-technologies-web/tag/8/art.html]
[www.point-web.fr/article/category/2/nouvelles-technologies-web/tag/9/reseaux-sociaux.html]
[www.point-web.fr/article/category/2/nouvelles-technologies-web/tag/10/langage-web.html]
[www.point-web.fr/article/category/2/nouvelles-technologies-web/tag/11/site-e-commerce.html]
[www.point-web.fr/article/category/2/nouvelles-technologies-web/tag/12/marketplace.html]
[www.point-web.fr/article/category/2/nouvelles-technologies-web/tag/13/inspiration.html]
[www.point-web.fr/article/category/2/nouvelles-technologies-web/tag/14/tendance.html]
[www.point-web.fr/article/category/2/nouvelles-technologies-web/tag/15/facebook.html]
[www.point-web.fr/article/category/2/nouvelles-technologies-web/tag/16/twitter.html]
[www.point-web.fr/article/category/2/nouvelles-technologies-web/tag/17/instagram.html]
[www.point-web.fr/article/category/2/nouvelles-technologies-web/tag/18/linkedin.html]
[www.point-web.fr/article/category/2/nouvelles-technologies-web/tag/19/photographie.html]
[www.point-web.fr/article/category/2/nouvelles-technologies-web/tag/20/seo.html]
[www.point-web.fr/article/category/2/nouvelles-technologies-web/tag/21/referencement.html]
[www.point-web.fr/article/category/2/nouvelles-technologies-web/tag/22/google.html]
[www.point-web.fr/article/category/3/graphisme-art-digital/tag/1/webdesign.html]
[www.point-web.fr/article/category/3/graphisme-art-digital/tag/2/application.html]
[www.point-web.fr/article/category/3/graphisme-art-digital/tag/3/ux-ui-design.html]
[www.point-web.fr/article/category/3/graphisme-art-digital/tag/4/pwa.html]
[www.point-web.fr/article/category/3/graphisme-art-digital/tag/5/developpement-web.html]
[www.point-web.fr/article/category/3/graphisme-art-digital/tag/6/graphisme.html]
[www.point-web.fr/article/category/3/graphisme-art-digital/tag/7/marketing.html]
[www.point-web.fr/article/category/3/graphisme-art-digital/tag/8/art.html]
[www.point-web.fr/article/category/3/graphisme-art-digital/tag/9/reseaux-sociaux.html]
[www.point-web.fr/article/category/3/graphisme-art-digital/tag/10/langage-web.html]
[www.point-web.fr/article/category/3/graphisme-art-digital/tag/11/site-e-commerce.html]
[www.point-web.fr/article/category/3/graphisme-art-digital/tag/12/marketplace.html]
[www.point-web.fr/article/category/3/graphisme-art-digital/tag/13/inspiration.html]
[www.point-web.fr/article/category/3/graphisme-art-digital/tag/14/tendance.html]
[www.point-web.fr/article/category/3/graphisme-art-digital/tag/15/facebook.html]
[www.point-web.fr/article/category/3/graphisme-art-digital/tag/16/twitter.html]
[www.point-web.fr/article/category/3/graphisme-art-digital/tag/17/instagram.html]
[www.point-web.fr/article/category/3/graphisme-art-digital/tag/18/linkedin.html]
[www.point-web.fr/article/category/3/graphisme-art-digital/tag/19/photographie.html]
[www.point-web.fr/article/category/3/graphisme-art-digital/tag/20/seo.html]
[www.point-web.fr/article/category/3/graphisme-art-digital/tag/21/referencement.html]
[www.point-web.fr/article/category/3/graphisme-art-digital/tag/22/google.html]
[www.point-web.fr/article/index2557.html]
[www.point-web.fr/img/etude/etik-nounou/logotype_etik-nounou_1.svg]
[www.point-web.fr/img/etude/etik-nounou/logotype_etik-nounou_2.svg]
[www.point-web.fr/img/etude/etik-nounou/logotype_etik-nounou_3.svg]
[www.point-web.fr/img/etude/miniatures-lyon/logotype_miniatures-lyon_1.svg]
[www.point-web.fr/Volumes/GoogleDrive/Mon disque/Technique/PieÌces dossier/CLIENTS/MINIATURES LYON/V1/maquettes/modele_logo.jpg]
[www.point-web.fr/img/etude/miniatures-lyon/logotype_miniatures-lyon_2.svg]
[www.point-web.fr/img/etude/demenagement-ac-fiolet/logotype_infini-conseils_1.svg]
[www.point-web.fr/img/etude/demenagement-ac-fiolet/logotype_infini-conseils_2.svg]
[www.point-web.fr/img/etude/demenagement-ac-fiolet/logotype_infini-conseils_3.svg]
[www.point-web.fr/etudes-de-cas.html]
[www.point-web.fr/article/indexd80c.html]
[www.point-web.fr/fr/contact/index.html]
[www.point-web.fr/Volumes/GoogleDrive/Mon disque/Technique/PieÌces dossier/CLIENTS/MINIATURES LYON/V1/maquettes/modele_logo.html]
